// Jest Snapshot v1, https://goo.gl/fbAQLP

exports[`BasicTextEntry Chromium Rich text Simple text entry and selection 1`] = `"<p class=\\"editor-paragraph\\" dir=\\"ltr\\"><span>Hello World.</span></p><p class=\\"editor-paragraph\\" dir=\\"ltr\\"><span>This is another paragraph. </span><span contenteditable=\\"false\\" style=\\"color: transparent; background-size: 16px 16px; height: 16px; width: 16px; background-position: center center; background-repeat: no-repeat; display: inline-block; margin: 0px 1px; text-align: center; vertical-align: middle; background-image: url(&quot;https://static.xx.fbcdn.net/images/emoji.php/v9/t4c/1/16/1f642.png&quot;);\\">ðŸ™‚</span><span>ï»¿</span></p>"`;

exports[`BasicTextEntry Firefox Rich text Simple text entry and selection 1`] = `"<p class=\\"editor-paragraph\\" dir=\\"ltr\\"><span>Hello World.</span></p><p class=\\"editor-paragraph\\" dir=\\"ltr\\"><span>This is another paragraph. </span><span style=\\"color: transparent; background-size: 16px 16px; height: 16px; width: 16px; background-position: center center; background-repeat: no-repeat; display: inline-block; margin: 0px 1px; text-align: center; vertical-align: middle; background-image: url(&quot;https://static.xx.fbcdn.net/images/emoji.php/v9/t4c/1/16/1f642.png&quot;);\\" contenteditable=\\"false\\">ðŸ™‚</span><span>ï»¿</span></p>"`;

exports[`BasicTextEntry Webkit Rich text Simple text entry and selection 1`] = `"<p class=\\"editor-paragraph\\" dir=\\"ltr\\"><span>Hello World.</span></p><p class=\\"editor-paragraph\\" dir=\\"ltr\\"><span>This is another paragraph. </span><span contenteditable=\\"false\\" style=\\"color: transparent; background-size: 16px 16px; height: 16px; width: 16px; display: inline-block; margin: 0px 1px; text-align: center; vertical-align: middle; background-image: url(&quot;https://static.xx.fbcdn.net/images/emoji.php/v9/t4c/1/16/1f642.png&quot;); background-position: center center; background-repeat: no-repeat no-repeat;\\">ðŸ™‚</span><span>ï»¿</span></p>"`;
