// Jest Snapshot v1, https://goo.gl/fbAQLP

exports[`Keyboard Navigation Chromium can move one word to the right 1`] = `"<p class=\\"editor-paragraph\\" dir=\\"ltr\\"><span>Lorem Ipsum is simply dummy text of the printing and typesetting industry.</span></p><p class=\\"editor-paragraph\\" dir=\\"ltr\\"><span>It has survived not only five centuries, but also the leap into electronic typesetting, remaining essentially unchanged. </span></p><p class=\\"editor-paragraph\\" dir=\\"ltr\\"><span>It was popularised in the 1960s with the release of Letraset sheets containing lorem ipsum passages.</span></p>"`;

exports[`Keyboard Navigation Chromium can move to the beginning of the current line, then back to the end of the current line 1`] = `"<p class=\\"editor-paragraph\\" dir=\\"ltr\\"><span>Lorem Ipsum is simply dummy text of the printing and typesetting industry.</span></p><p class=\\"editor-paragraph\\" dir=\\"ltr\\"><span>It has survived not only five centuries, but also the leap into electronic typesetting, remaining essentially unchanged. </span></p><p class=\\"editor-paragraph\\" dir=\\"ltr\\"><span>It was popularised in the 1960s with the release of Letraset sheets containing lorem ipsum passages.</span></p>"`;

exports[`Keyboard Navigation Chromium can move to the beginning of the current line, then back to the end of the current line 2`] = `"<p class=\\"editor-paragraph\\" dir=\\"ltr\\"><span>Lorem Ipsum is simply dummy text of the printing and typesetting industry.</span></p><p class=\\"editor-paragraph\\" dir=\\"ltr\\"><span>It has survived not only five centuries, but also the leap into electronic typesetting, remaining essentially unchanged. </span></p><p class=\\"editor-paragraph\\" dir=\\"ltr\\"><span>It was popularised in the 1960s with the release of Letraset sheets containing lorem ipsum passages.</span></p>"`;

exports[`Keyboard Navigation Chromium can move to the beginning of the current paragraph 1`] = `"<p class=\\"editor-paragraph\\" dir=\\"ltr\\"><span>Lorem Ipsum is simply dummy text of the printing and typesetting industry.</span></p><p class=\\"editor-paragraph\\" dir=\\"ltr\\"><span>It has survived not only five centuries, but also the leap into electronic typesetting, remaining essentially unchanged. </span></p><p class=\\"editor-paragraph\\" dir=\\"ltr\\"><span>It was popularised in the 1960s with the release of Letraset sheets containing lorem ipsum passages.</span></p>"`;

exports[`Keyboard Navigation Chromium can move to the beginning of the previous word 1`] = `"<p class=\\"editor-paragraph\\" dir=\\"ltr\\"><span>Lorem Ipsum is simply dummy text of the printing and typesetting industry.</span></p><p class=\\"editor-paragraph\\" dir=\\"ltr\\"><span>It has survived not only five centuries, but also the leap into electronic typesetting, remaining essentially unchanged. </span></p><p class=\\"editor-paragraph\\" dir=\\"ltr\\"><span>It was popularised in the 1960s with the release of Letraset sheets containing lorem ipsum passages.</span></p>"`;

exports[`Keyboard Navigation Chromium can move to the beginning of the previous word 2`] = `"<p class=\\"editor-paragraph\\" dir=\\"ltr\\"><span>Lorem Ipsum is simply dummy text of the printing and typesetting industry.</span></p><p class=\\"editor-paragraph\\" dir=\\"ltr\\"><span>It has survived not only five centuries, but also the leap into electronic typesetting, remaining essentially unchanged. </span></p><p class=\\"editor-paragraph\\" dir=\\"ltr\\"><span>It was popularised in the 1960s with the release of Letraset sheets containing lorem ipsum passages.</span></p>"`;

exports[`Keyboard Navigation Chromium can move to the bottom of the editor 1`] = `"<p class=\\"editor-paragraph\\" dir=\\"ltr\\"><span>Lorem Ipsum is simply dummy text of the printing and typesetting industry.</span></p><p class=\\"editor-paragraph\\" dir=\\"ltr\\"><span>It has survived not only five centuries, but also the leap into electronic typesetting, remaining essentially unchanged. </span></p><p class=\\"editor-paragraph\\" dir=\\"ltr\\"><span>It was popularised in the 1960s with the release of Letraset sheets containing lorem ipsum passages.</span></p>"`;

exports[`Keyboard Navigation Chromium can move to the top of the editor 1`] = `"<p class=\\"editor-paragraph\\" dir=\\"ltr\\"><span>Lorem Ipsum is simply dummy text of the printing and typesetting industry.</span></p><p class=\\"editor-paragraph\\" dir=\\"ltr\\"><span>It has survived not only five centuries, but also the leap into electronic typesetting, remaining essentially unchanged. </span></p><p class=\\"editor-paragraph\\" dir=\\"ltr\\"><span>It was popularised in the 1960s with the release of Letraset sheets containing lorem ipsum passages.</span></p>"`;

exports[`Keyboard Navigation Chromium can move to the top of the editor, then to the bottom of the current paragraph 1`] = `"<p class=\\"editor-paragraph\\" dir=\\"ltr\\"><span>Lorem Ipsum is simply dummy text of the printing and typesetting industry.</span></p><p class=\\"editor-paragraph\\" dir=\\"ltr\\"><span>It has survived not only five centuries, but also the leap into electronic typesetting, remaining essentially unchanged. </span></p><p class=\\"editor-paragraph\\" dir=\\"ltr\\"><span>It was popularised in the 1960s with the release of Letraset sheets containing lorem ipsum passages.</span></p>"`;

exports[`Keyboard Navigation Chromium can type several paragraphs 1`] = `"<p class=\\"editor-paragraph\\" dir=\\"ltr\\"><span>Lorem Ipsum is simply dummy text of the printing and typesetting industry.</span></p><p class=\\"editor-paragraph\\" dir=\\"ltr\\"><span>It has survived not only five centuries, but also the leap into electronic typesetting, remaining essentially unchanged. </span></p><p class=\\"editor-paragraph\\" dir=\\"ltr\\"><span>It was popularised in the 1960s with the release of Letraset sheets containing lorem ipsum passages.</span></p>"`;

exports[`Keyboard Navigation Firefox can move one word to the right 1`] = `"<p class=\\"editor-paragraph\\" dir=\\"ltr\\"><span>Lorem Ipsum is simply dummy text of the printing and typesetting industry.</span></p><p class=\\"editor-paragraph\\" dir=\\"ltr\\"><span>It has survived not only five centuries, but also the leap into electronic typesetting, remaining essentially unchanged. </span></p><p class=\\"editor-paragraph\\" dir=\\"ltr\\"><span>It was popularised in the 1960s with the release of Letraset sheets containing lorem ipsum passages.</span></p>"`;

exports[`Keyboard Navigation Firefox can move to the beginning of the current line, then back to the end of the current line 1`] = `"<p class=\\"editor-paragraph\\" dir=\\"ltr\\"><span>Lorem Ipsum is simply dummy text of the printing and typesetting industry.</span></p><p class=\\"editor-paragraph\\" dir=\\"ltr\\"><span>It has survived not only five centuries, but also the leap into electronic typesetting, remaining essentially unchanged. </span></p><p class=\\"editor-paragraph\\" dir=\\"ltr\\"><span>It was popularised in the 1960s with the release of Letraset sheets containing lorem ipsum passages.</span></p>"`;

exports[`Keyboard Navigation Firefox can move to the beginning of the current line, then back to the end of the current line 2`] = `"<p class=\\"editor-paragraph\\" dir=\\"ltr\\"><span>Lorem Ipsum is simply dummy text of the printing and typesetting industry.</span></p><p class=\\"editor-paragraph\\" dir=\\"ltr\\"><span>It has survived not only five centuries, but also the leap into electronic typesetting, remaining essentially unchanged. </span></p><p class=\\"editor-paragraph\\" dir=\\"ltr\\"><span>It was popularised in the 1960s with the release of Letraset sheets containing lorem ipsum passages.</span></p>"`;

exports[`Keyboard Navigation Firefox can move to the beginning of the current paragraph 1`] = `"<p class=\\"editor-paragraph\\" dir=\\"ltr\\"><span>Lorem Ipsum is simply dummy text of the printing and typesetting industry.</span></p><p class=\\"editor-paragraph\\" dir=\\"ltr\\"><span>It has survived not only five centuries, but also the leap into electronic typesetting, remaining essentially unchanged. </span></p><p class=\\"editor-paragraph\\" dir=\\"ltr\\"><span>It was popularised in the 1960s with the release of Letraset sheets containing lorem ipsum passages.</span></p>"`;

exports[`Keyboard Navigation Firefox can move to the beginning of the previous word 1`] = `"<p class=\\"editor-paragraph\\" dir=\\"ltr\\"><span>Lorem Ipsum is simply dummy text of the printing and typesetting industry.</span></p><p class=\\"editor-paragraph\\" dir=\\"ltr\\"><span>It has survived not only five centuries, but also the leap into electronic typesetting, remaining essentially unchanged. </span></p><p class=\\"editor-paragraph\\" dir=\\"ltr\\"><span>It was popularised in the 1960s with the release of Letraset sheets containing lorem ipsum passages.</span></p>"`;

exports[`Keyboard Navigation Firefox can move to the beginning of the previous word 2`] = `"<p class=\\"editor-paragraph\\" dir=\\"ltr\\"><span>Lorem Ipsum is simply dummy text of the printing and typesetting industry.</span></p><p class=\\"editor-paragraph\\" dir=\\"ltr\\"><span>It has survived not only five centuries, but also the leap into electronic typesetting, remaining essentially unchanged. </span></p><p class=\\"editor-paragraph\\" dir=\\"ltr\\"><span>It was popularised in the 1960s with the release of Letraset sheets containing lorem ipsum passages.</span></p>"`;

exports[`Keyboard Navigation Firefox can move to the bottom of the editor 1`] = `"<p class=\\"editor-paragraph\\" dir=\\"ltr\\"><span>Lorem Ipsum is simply dummy text of the printing and typesetting industry.</span></p><p class=\\"editor-paragraph\\" dir=\\"ltr\\"><span>It has survived not only five centuries, but also the leap into electronic typesetting, remaining essentially unchanged. </span></p><p class=\\"editor-paragraph\\" dir=\\"ltr\\"><span>It was popularised in the 1960s with the release of Letraset sheets containing lorem ipsum passages.</span></p>"`;

exports[`Keyboard Navigation Firefox can move to the top of the editor 1`] = `"<p class=\\"editor-paragraph\\" dir=\\"ltr\\"><span>Lorem Ipsum is simply dummy text of the printing and typesetting industry.</span></p><p class=\\"editor-paragraph\\" dir=\\"ltr\\"><span>It has survived not only five centuries, but also the leap into electronic typesetting, remaining essentially unchanged. </span></p><p class=\\"editor-paragraph\\" dir=\\"ltr\\"><span>It was popularised in the 1960s with the release of Letraset sheets containing lorem ipsum passages.</span></p>"`;

exports[`Keyboard Navigation Firefox can move to the top of the editor, then to the bottom of the current paragraph 1`] = `"<p class=\\"editor-paragraph\\" dir=\\"ltr\\"><span>Lorem Ipsum is simply dummy text of the printing and typesetting industry.</span></p><p class=\\"editor-paragraph\\" dir=\\"ltr\\"><span>It has survived not only five centuries, but also the leap into electronic typesetting, remaining essentially unchanged. </span></p><p class=\\"editor-paragraph\\" dir=\\"ltr\\"><span>It was popularised in the 1960s with the release of Letraset sheets containing lorem ipsum passages.</span></p>"`;

exports[`Keyboard Navigation Firefox can type several paragraphs 1`] = `"<p class=\\"editor-paragraph\\" dir=\\"ltr\\"><span>Lorem Ipsum is simply dummy text of the printing and typesetting industry.</span></p><p class=\\"editor-paragraph\\" dir=\\"ltr\\"><span>It has survived not only five centuries, but also the leap into electronic typesetting, remaining essentially unchanged. </span></p><p class=\\"editor-paragraph\\" dir=\\"ltr\\"><span>It was popularised in the 1960s with the release of Letraset sheets containing lorem ipsum passages.</span></p>"`;

exports[`Keyboard Navigation Webkit can move one word to the right 1`] = `"<p class=\\"editor-paragraph\\" dir=\\"ltr\\"><span>Lorem Ipsum is simply dummy text of the printing and typesetting industry.</span></p><p class=\\"editor-paragraph\\" dir=\\"ltr\\"><span>It has survived not only five centuries, but also the leap into electronic typesetting, remaining essentially unchanged. </span></p><p class=\\"editor-paragraph\\" dir=\\"ltr\\"><span>It was popularised in the 1960s with the release of Letraset sheets containing lorem ipsum passages.</span></p>"`;

exports[`Keyboard Navigation Webkit can move to the beginning of the current line, then back to the end of the current line 1`] = `"<p class=\\"editor-paragraph\\" dir=\\"ltr\\"><span>Lorem Ipsum is simply dummy text of the printing and typesetting industry.</span></p><p class=\\"editor-paragraph\\" dir=\\"ltr\\"><span>It has survived not only five centuries, but also the leap into electronic typesetting, remaining essentially unchanged. </span></p><p class=\\"editor-paragraph\\" dir=\\"ltr\\"><span>It was popularised in the 1960s with the release of Letraset sheets containing lorem ipsum passages.</span></p>"`;

exports[`Keyboard Navigation Webkit can move to the beginning of the current line, then back to the end of the current line 2`] = `"<p class=\\"editor-paragraph\\" dir=\\"ltr\\"><span>Lorem Ipsum is simply dummy text of the printing and typesetting industry.</span></p><p class=\\"editor-paragraph\\" dir=\\"ltr\\"><span>It has survived not only five centuries, but also the leap into electronic typesetting, remaining essentially unchanged. </span></p><p class=\\"editor-paragraph\\" dir=\\"ltr\\"><span>It was popularised in the 1960s with the release of Letraset sheets containing lorem ipsum passages.</span></p>"`;

exports[`Keyboard Navigation Webkit can move to the beginning of the current paragraph 1`] = `"<p class=\\"editor-paragraph\\" dir=\\"ltr\\"><span>Lorem Ipsum is simply dummy text of the printing and typesetting industry.</span></p><p class=\\"editor-paragraph\\" dir=\\"ltr\\"><span>It has survived not only five centuries, but also the leap into electronic typesetting, remaining essentially unchanged. </span></p><p class=\\"editor-paragraph\\" dir=\\"ltr\\"><span>It was popularised in the 1960s with the release of Letraset sheets containing lorem ipsum passages.</span></p>"`;

exports[`Keyboard Navigation Webkit can move to the beginning of the previous word 1`] = `"<p class=\\"editor-paragraph\\" dir=\\"ltr\\"><span>Lorem Ipsum is simply dummy text of the printing and typesetting industry.</span></p><p class=\\"editor-paragraph\\" dir=\\"ltr\\"><span>It has survived not only five centuries, but also the leap into electronic typesetting, remaining essentially unchanged. </span></p><p class=\\"editor-paragraph\\" dir=\\"ltr\\"><span>It was popularised in the 1960s with the release of Letraset sheets containing lorem ipsum passages.</span></p>"`;

exports[`Keyboard Navigation Webkit can move to the beginning of the previous word 2`] = `"<p class=\\"editor-paragraph\\" dir=\\"ltr\\"><span>Lorem Ipsum is simply dummy text of the printing and typesetting industry.</span></p><p class=\\"editor-paragraph\\" dir=\\"ltr\\"><span>It has survived not only five centuries, but also the leap into electronic typesetting, remaining essentially unchanged. </span></p><p class=\\"editor-paragraph\\" dir=\\"ltr\\"><span>It was popularised in the 1960s with the release of Letraset sheets containing lorem ipsum passages.</span></p>"`;

exports[`Keyboard Navigation Webkit can move to the bottom of the editor 1`] = `"<p class=\\"editor-paragraph\\" dir=\\"ltr\\"><span>Lorem Ipsum is simply dummy text of the printing and typesetting industry.</span></p><p class=\\"editor-paragraph\\" dir=\\"ltr\\"><span>It has survived not only five centuries, but also the leap into electronic typesetting, remaining essentially unchanged. </span></p><p class=\\"editor-paragraph\\" dir=\\"ltr\\"><span>It was popularised in the 1960s with the release of Letraset sheets containing lorem ipsum passages.</span></p>"`;

exports[`Keyboard Navigation Webkit can move to the top of the editor 1`] = `"<p class=\\"editor-paragraph\\" dir=\\"ltr\\"><span>Lorem Ipsum is simply dummy text of the printing and typesetting industry.</span></p><p class=\\"editor-paragraph\\" dir=\\"ltr\\"><span>It has survived not only five centuries, but also the leap into electronic typesetting, remaining essentially unchanged. </span></p><p class=\\"editor-paragraph\\" dir=\\"ltr\\"><span>It was popularised in the 1960s with the release of Letraset sheets containing lorem ipsum passages.</span></p>"`;

exports[`Keyboard Navigation Webkit can move to the top of the editor, then to the bottom of the current paragraph 1`] = `"<p class=\\"editor-paragraph\\" dir=\\"ltr\\"><span>Lorem Ipsum is simply dummy text of the printing and typesetting industry.</span></p><p class=\\"editor-paragraph\\" dir=\\"ltr\\"><span>It has survived not only five centuries, but also the leap into electronic typesetting, remaining essentially unchanged. </span></p><p class=\\"editor-paragraph\\" dir=\\"ltr\\"><span>It was popularised in the 1960s with the release of Letraset sheets containing lorem ipsum passages.</span></p>"`;

exports[`Keyboard Navigation Webkit can type several paragraphs 1`] = `"<p class=\\"editor-paragraph\\" dir=\\"ltr\\"><span>Lorem Ipsum is simply dummy text of the printing and typesetting industry.</span></p><p class=\\"editor-paragraph\\" dir=\\"ltr\\"><span>It has survived not only five centuries, but also the leap into electronic typesetting, remaining essentially unchanged. </span></p><p class=\\"editor-paragraph\\" dir=\\"ltr\\"><span>It was popularised in the 1960s with the release of Letraset sheets containing lorem ipsum passages.</span></p>"`;
