// Jest Snapshot v1, https://goo.gl/fbAQLP

exports[`Placeholder Displays a placeholder when no content is present 1`] = `
<p
  class="editor-paragraph"
>
  <span>
    ï»¿
  </span>
</p>
`;
