// Jest Snapshot v1, https://goo.gl/fbAQLP

exports[`TextEntry Chromium Rich text Basic copy + paste 1`] = `"<p class=\\"editor-paragraph\\" dir=\\"ltr\\"><span>Copy + pasting?</span></p><p class=\\"editor-paragraph\\"><span>ï»¿</span></p><p class=\\"editor-paragraph\\" dir=\\"ltr\\"><span>Sounds good!</span></p>"`;

exports[`TextEntry Chromium Rich text Basic copy + paste 2`] = `"<p class=\\"editor-paragraph\\" dir=\\"ltr\\"><span>Copy + pasting?</span></p><p class=\\"editor-paragraph\\"><span>ï»¿</span></p><p class=\\"editor-paragraph\\" dir=\\"ltr\\"><span>Sounds good!</span></p>"`;

exports[`TextEntry Chromium Rich text Basic copy + paste 3`] = `"<p class=\\"editor-paragraph\\" dir=\\"ltr\\"><span>Copy + pasting?</span></p><p class=\\"editor-paragraph\\"><span>ï»¿</span></p><p class=\\"editor-paragraph\\" dir=\\"ltr\\"><span>Sounds good!</span></p>"`;

exports[`TextEntry Chromium Rich text Basic copy + paste 4`] = `"<p class=\\"editor-paragraph\\" dir=\\"ltr\\"><span>Copy + pasting?</span></p><p class=\\"editor-paragraph\\"><span>ï»¿</span></p><p class=\\"editor-paragraph\\" dir=\\"ltr\\"><span>Sounds good!Copy + pasting?</span></p><p class=\\"editor-paragraph\\"><span>ï»¿</span></p><p class=\\"editor-paragraph\\" dir=\\"ltr\\"><span>Sounds good!</span></p>"`;

exports[`TextEntry Chromium Rich text Can delete characters after they're typed 1`] = `"<p class=\\"editor-paragraph\\" dir=\\"ltr\\"><span>Delete some of these characte</span></p>"`;

exports[`TextEntry Chromium Rich text Can type 'Hello Outline' in the editor 1`] = `"<p class=\\"editor-paragraph\\" dir=\\"ltr\\"><span>Hello Outline</span></p>"`;

exports[`TextEntry Chromium Rich text Empty paragraph and new line node selection 1`] = `"<p class=\\"editor-paragraph\\"><span>ï»¿</span></p><p class=\\"editor-paragraph\\"><span>ï»¿</span></p>"`;

exports[`TextEntry Chromium Rich text Empty paragraph and new line node selection 2`] = `"<p class=\\"editor-paragraph\\"><span>ï»¿</span></p><p class=\\"editor-paragraph\\"><span>ï»¿</span></p>"`;

exports[`TextEntry Chromium Rich text Empty paragraph and new line node selection 3`] = `"<p class=\\"editor-paragraph\\"><span>ï»¿</span></p><p class=\\"editor-paragraph\\"><span>ï»¿</span></p>"`;

exports[`TextEntry Chromium Rich text Empty paragraph and new line node selection 4`] = `"<p class=\\"editor-paragraph\\"><span>ï»¿</span></p><p class=\\"editor-paragraph\\"><span>ï»¿</span></p>"`;

exports[`TextEntry Chromium Rich text Empty paragraph and new line node selection 5`] = `"<p class=\\"editor-paragraph\\"><span>ï»¿</span></p><div contenteditable=\\"false\\" class=\\"editor-placeholder\\">Enter some rich text...</div>"`;

exports[`TextEntry Chromium Rich text Empty paragraph and new line node selection 6`] = `"<p class=\\"editor-paragraph\\"><span>ï»¿</span><br><span>ï»¿</span></p>"`;

exports[`TextEntry Chromium Rich text Empty paragraph and new line node selection 7`] = `"<p class=\\"editor-paragraph\\"><span>ï»¿</span><br><span>ï»¿</span></p>"`;

exports[`TextEntry Chromium Rich text Empty paragraph and new line node selection 8`] = `"<p class=\\"editor-paragraph\\"><span>ï»¿</span></p><div contenteditable=\\"false\\" class=\\"editor-placeholder\\">Enter some rich text...</div>"`;

exports[`TextEntry Chromium Rich text Paragraphed text entry and selection 1`] = `"<p class=\\"editor-paragraph\\" dir=\\"ltr\\"><span>Hello World.</span></p><p class=\\"editor-paragraph\\" dir=\\"ltr\\"><span>This is another paragraph. </span><span contenteditable=\\"false\\" style=\\"color: transparent; background-size: 16px 16px; height: 16px; width: 16px; background-position: center center; background-repeat: no-repeat; display: inline-block; margin: 0px 1px; text-align: center; vertical-align: middle; background-image: url(&quot;https://static.xx.fbcdn.net/images/emoji.php/v9/t4c/1/16/1f642.png&quot;);\\">ðŸ™‚</span><span>ï»¿</span></p>"`;

exports[`TextEntry Firefox Rich text Basic copy + paste 1`] = `"<p class=\\"editor-paragraph\\" dir=\\"ltr\\"><span>Copy + pasting?</span></p><p class=\\"editor-paragraph\\"><span>ï»¿</span></p><p class=\\"editor-paragraph\\" dir=\\"ltr\\"><span>Sounds good!</span></p>"`;

exports[`TextEntry Firefox Rich text Basic copy + paste 2`] = `"<p class=\\"editor-paragraph\\" dir=\\"ltr\\"><span>Copy + pasting?</span></p><p class=\\"editor-paragraph\\"><span>ï»¿</span></p><p class=\\"editor-paragraph\\" dir=\\"ltr\\"><span>Sounds good!</span></p>"`;

exports[`TextEntry Firefox Rich text Basic copy + paste 3`] = `"<p class=\\"editor-paragraph\\" dir=\\"ltr\\"><span>Copy + pasting?</span></p><p class=\\"editor-paragraph\\"><span>ï»¿</span></p><p class=\\"editor-paragraph\\" dir=\\"ltr\\"><span>Sounds good!</span></p>"`;

exports[`TextEntry Firefox Rich text Basic copy + paste 4`] = `"<p class=\\"editor-paragraph\\" dir=\\"ltr\\"><span>Copy + pasting?</span></p><p class=\\"editor-paragraph\\"><span>ï»¿</span></p><p class=\\"editor-paragraph\\" dir=\\"ltr\\"><span>Sounds good!Copy + pasting?</span></p><p class=\\"editor-paragraph\\"><span>ï»¿</span></p><p class=\\"editor-paragraph\\" dir=\\"ltr\\"><span>Sounds good!</span></p>"`;

exports[`TextEntry Firefox Rich text Can delete characters after they're typed 1`] = `"<p class=\\"editor-paragraph\\" dir=\\"ltr\\"><span>Delete some of these characte</span></p>"`;

exports[`TextEntry Firefox Rich text Can type 'Hello Outline' in the editor 1`] = `"<p class=\\"editor-paragraph\\" dir=\\"ltr\\"><span>Hello Outline</span></p>"`;

exports[`TextEntry Firefox Rich text Empty paragraph and new line node selection 1`] = `"<p class=\\"editor-paragraph\\"><span>ï»¿</span></p><p class=\\"editor-paragraph\\"><span>ï»¿</span></p>"`;

exports[`TextEntry Firefox Rich text Empty paragraph and new line node selection 2`] = `"<p class=\\"editor-paragraph\\"><span>ï»¿</span></p><p class=\\"editor-paragraph\\"><span>ï»¿</span></p>"`;

exports[`TextEntry Firefox Rich text Empty paragraph and new line node selection 3`] = `"<p class=\\"editor-paragraph\\"><span>ï»¿</span></p><p class=\\"editor-paragraph\\"><span>ï»¿</span></p>"`;

exports[`TextEntry Firefox Rich text Empty paragraph and new line node selection 4`] = `"<p class=\\"editor-paragraph\\"><span>ï»¿</span></p><p class=\\"editor-paragraph\\"><span>ï»¿</span></p>"`;

exports[`TextEntry Firefox Rich text Empty paragraph and new line node selection 5`] = `"<p class=\\"editor-paragraph\\"><span>ï»¿</span></p><div class=\\"editor-placeholder\\" contenteditable=\\"false\\">Enter some rich text...</div>"`;

exports[`TextEntry Firefox Rich text Empty paragraph and new line node selection 6`] = `"<p class=\\"editor-paragraph\\"><span>ï»¿</span><br><span>ï»¿</span></p>"`;

exports[`TextEntry Firefox Rich text Empty paragraph and new line node selection 7`] = `"<p class=\\"editor-paragraph\\"><span>ï»¿</span><br><span>ï»¿</span></p>"`;

exports[`TextEntry Firefox Rich text Empty paragraph and new line node selection 8`] = `"<p class=\\"editor-paragraph\\"><span>ï»¿</span></p><div class=\\"editor-placeholder\\" contenteditable=\\"false\\">Enter some rich text...</div>"`;

exports[`TextEntry Firefox Rich text Paragraphed text entry and selection 1`] = `"<p class=\\"editor-paragraph\\" dir=\\"ltr\\"><span>Hello World.</span></p><p class=\\"editor-paragraph\\" dir=\\"ltr\\"><span>This is another paragraph. </span><span style=\\"color: transparent; background-size: 16px 16px; height: 16px; width: 16px; background-position: center center; background-repeat: no-repeat; display: inline-block; margin: 0px 1px; text-align: center; vertical-align: middle; background-image: url(&quot;https://static.xx.fbcdn.net/images/emoji.php/v9/t4c/1/16/1f642.png&quot;);\\" contenteditable=\\"false\\">ðŸ™‚</span><span>ï»¿</span></p>"`;

exports[`TextEntry Webkit Rich text Basic copy + paste 1`] = `"<p class=\\"editor-paragraph\\" dir=\\"ltr\\"><span>Copy + pasting?</span></p><p class=\\"editor-paragraph\\"><span>ï»¿</span></p><p class=\\"editor-paragraph\\" dir=\\"ltr\\"><span>Sounds good!</span></p>"`;

exports[`TextEntry Webkit Rich text Basic copy + paste 2`] = `"<p class=\\"editor-paragraph\\" dir=\\"ltr\\"><span>Copy + pasting?</span></p><p class=\\"editor-paragraph\\"><span>ï»¿</span></p><p class=\\"editor-paragraph\\" dir=\\"ltr\\"><span>Sounds good!</span></p>"`;

exports[`TextEntry Webkit Rich text Basic copy + paste 3`] = `"<p class=\\"editor-paragraph\\" dir=\\"ltr\\"><span>Copy + pasting?</span></p><p class=\\"editor-paragraph\\"><span>ï»¿</span></p><p class=\\"editor-paragraph\\" dir=\\"ltr\\"><span>Sounds good!</span></p>"`;

exports[`TextEntry Webkit Rich text Basic copy + paste 4`] = `"<p class=\\"editor-paragraph\\" dir=\\"ltr\\"><span>Copy + pasting?</span></p><p class=\\"editor-paragraph\\"><span>ï»¿</span></p><p class=\\"editor-paragraph\\" dir=\\"ltr\\"><span>Sounds good!Copy + pasting?</span></p><p class=\\"editor-paragraph\\"><span>ï»¿</span></p><p class=\\"editor-paragraph\\" dir=\\"ltr\\"><span>Sounds good!</span></p>"`;

exports[`TextEntry Webkit Rich text Can delete characters after they're typed 1`] = `"<p class=\\"editor-paragraph\\" dir=\\"ltr\\"><span>Delete some of these characte</span></p>"`;

exports[`TextEntry Webkit Rich text Can type 'Hello Outline' in the editor 1`] = `"<p class=\\"editor-paragraph\\" dir=\\"ltr\\"><span>Hello Outline</span></p>"`;

exports[`TextEntry Webkit Rich text Empty paragraph and new line node selection 1`] = `"<p class=\\"editor-paragraph\\"><span>ï»¿</span></p><p class=\\"editor-paragraph\\"><span>ï»¿</span></p>"`;

exports[`TextEntry Webkit Rich text Empty paragraph and new line node selection 2`] = `"<p class=\\"editor-paragraph\\"><span>ï»¿</span></p><p class=\\"editor-paragraph\\"><span>ï»¿</span></p>"`;

exports[`TextEntry Webkit Rich text Empty paragraph and new line node selection 3`] = `"<p class=\\"editor-paragraph\\"><span>ï»¿</span></p><p class=\\"editor-paragraph\\"><span>ï»¿</span></p>"`;

exports[`TextEntry Webkit Rich text Empty paragraph and new line node selection 4`] = `"<p class=\\"editor-paragraph\\"><span>ï»¿</span></p><p class=\\"editor-paragraph\\"><span>ï»¿</span></p>"`;

exports[`TextEntry Webkit Rich text Empty paragraph and new line node selection 5`] = `"<p class=\\"editor-paragraph\\"><span>ï»¿</span></p><div contenteditable=\\"false\\" class=\\"editor-placeholder\\">Enter some rich text...</div>"`;

exports[`TextEntry Webkit Rich text Empty paragraph and new line node selection 6`] = `"<p class=\\"editor-paragraph\\"><span>ï»¿</span><br><span>ï»¿</span></p>"`;

exports[`TextEntry Webkit Rich text Empty paragraph and new line node selection 7`] = `"<p class=\\"editor-paragraph\\"><span>ï»¿</span><br><span>ï»¿</span></p>"`;

exports[`TextEntry Webkit Rich text Empty paragraph and new line node selection 8`] = `"<p class=\\"editor-paragraph\\"><span>ï»¿</span></p><div contenteditable=\\"false\\" class=\\"editor-placeholder\\">Enter some rich text...</div>"`;

exports[`TextEntry Webkit Rich text Paragraphed text entry and selection 1`] = `"<p class=\\"editor-paragraph\\" dir=\\"ltr\\"><span>Hello World.</span></p><p class=\\"editor-paragraph\\" dir=\\"ltr\\"><span>This is another paragraph. </span><span contenteditable=\\"false\\" style=\\"color: transparent; background-size: 16px 16px; height: 16px; width: 16px; display: inline-block; margin: 0px 1px; text-align: center; vertical-align: middle; background-image: url(&quot;https://static.xx.fbcdn.net/images/emoji.php/v9/t4c/1/16/1f642.png&quot;); background-position: center center; background-repeat: no-repeat no-repeat;\\">ðŸ™‚</span><span>ï»¿</span></p>"`;
